Lenovo@AKSHETISHEREDESKTOP MINGW64 /e/2023_project/Recursion
$ git init
Initialized empty Git repository in E:/2023_project/Recursion/.git/

Lenovo@AKSHETISHEREDESKTOP MINGW64 /e/2023_project/Recursion (master)
$ git remote add origin https://github.com/akshetpatial/Recursion.git

Lenovo@AKSHETISHEREDESKTOP MINGW64 /e/2023_project/Recursion (master)
$ git remote -v
origin  https://github.com/akshetpatial/Recursion.git (fetch)
origin  https://github.com/akshetpatial/Recursion.git (push)

Lenovo@AKSHETISHEREDESKTOP MINGW64 /e/2023_project/Recursion (master)
$ git status
On branch master

No commits yet

Untracked files:
  (use "git add <file>..." to include in what will be committed)
        .idea/
        RECURSION_Notes.pdf
        Recursion.iml
        Recursion_Internal.pdf
        src/

nothing added to commit but untracked files present (use "git add" to track)

Lenovo@AKSHETISHEREDESKTOP MINGW64 /e/2023_project/Recursion (master)
$ git add .idea/ Recursion.iml src/

Lenovo@AKSHETISHEREDESKTOP MINGW64 /e/2023_project/Recursion (master)
$ git commit -m "Created the Recursion Directory and Initialize the Git"
[master (root-commit) 968d8e7] Created the Recursion Directory and Initialize the Git
 6 files changed, 42 insertions(+)
 create mode 100644 .idea/.gitignore
 create mode 100644 .idea/misc.xml
 create mode 100644 .idea/modules.xml
 create mode 100644 .idea/vcs.xml
 create mode 100644 Recursion.iml
 create mode 100644 src/com/akshet/Recursion.java

Lenovo@AKSHETISHEREDESKTOP MINGW64 /e/2023_project/Recursion (master)
$ git status
On branch master
Untracked files:
  (use "git add <file>..." to include in what will be committed)
        RECURSION_Notes.pdf
        Recursion_Internal.pdf

nothing added to commit but untracked files present (use "git add" to track)

Lenovo@AKSHETISHEREDESKTOP MINGW64 /e/2023_project/Recursion (master)
$ git RECURSION_Notes.pdf
git: 'RECURSION_Notes.pdf' is not a git command. See 'git --help'.

Lenovo@AKSHETISHEREDESKTOP MINGW64 /e/2023_project/Recursion (master)
$ git add RECURSION_Notes.pdf

Lenovo@AKSHETISHEREDESKTOP MINGW64 /e/2023_project/Recursion (master)
$ git commit -m "Added the Recursion_Notes.pdf file"
[master 09e19cb] Added the Recursion_Notes.pdf file
 1 file changed, 0 insertions(+), 0 deletions(-)
 create mode 100644 RECURSION_Notes.pdf

Lenovo@AKSHETISHEREDESKTOP MINGW64 /e/2023_project/Recursion (master)
$ git status
On branch master
Untracked files:
  (use "git add <file>..." to include in what will be committed)
        Recursion_Internal.pdf

nothing added to commit but untracked files present (use "git add" to track)

Lenovo@AKSHETISHEREDESKTOP MINGW64 /e/2023_project/Recursion (master)
$ git add .

Lenovo@AKSHETISHEREDESKTOP MINGW64 /e/2023_project/Recursion (master)
$ git commit -m "Added the Recursion_Internal.pdf file"
[master 014f3cc] Added the Recursion_Internal.pdf file
 1 file changed, 0 insertions(+), 0 deletions(-)
 create mode 100644 Recursion_Internal.pdf

Lenovo@AKSHETISHEREDESKTOP MINGW64 /e/2023_project/Recursion (master)
$ touch commands.txt

Lenovo@AKSHETISHEREDESKTOP MINGW64 /e/2023_project/Recursion (master)
$ git status
On branch master
Untracked files:
  (use "git add <file>..." to include in what will be committed)
        commands.txt

Lenovo@AKSHETISHEREDESKTOP MINGW64 /e/2023_project/Recursion (master) track)
$ git add .
Lenovo@AKSHETISHEREDESKTOP MINGW64 /e/2023_project/Recursion (master)
$ git commit -m "Created the commands.txt file"
[master ff4483a] Created the commands.txt file
 1 file changed, 0 insertions(+), 0 deletions(-)
 create mode 100644 commands.txt

Lenovo@AKSHETISHEREDESKTOP MINGW64 /e/2023_project/Recursion (master)
$ git fetch origin main
remote: Enumerating objects: 3, done.
remote: Counting objects: 100% (3/3), done.
remote: Total 3 (delta 0), reused 0 (delta 0), pack-reused 0
Unpacking objects: 100% (3/3), 597 bytes | 5.00 KiB/s, done.
From https://github.com/akshetpatial/Recursion
 * branch            main       -> FETCH_HEAD
 * [new branch]      main       -> origin/main

Lenovo@AKSHETISHEREDESKTOP MINGW64 /e/2023_project/Recursion (master)
$ git merge origin/main
fatal: refusing to merge unrelated histories

Lenovo@AKSHETISHEREDESKTOP MINGW64 /e/2023_project/Recursion (master)
$ git merge origin/master
Already up to date.

Lenovo@AKSHETISHEREDESKTOP MINGW64 /e/2023_project/Recursion (master)
$ git merge origin master
merge: origin - not something we can merge

Lenovo@AKSHETISHEREDESKTOP MINGW64 /e/2023_project/Recursion (master)
$ git merge origin/master
Already up to date.

Lenovo@AKSHETISHEREDESKTOP MINGW64 /e/2023_project/Recursion (master)
$ git pull origin main
From https://github.com/akshetpatial/Recursion
 * branch            main       -> FETCH_HEAD
fatal: refusing to merge unrelated histories

Lenovo@AKSHETISHEREDESKTOP MINGW64 /e/2023_project/Recursion (master)
$ git push origin master
Everything up-to-date

Lenovo@AKSHETISHEREDESKTOP MINGW64 /e/2023_project/Recursion (master)
$ git status
On branch master
Changes not staged for commit:
  (use "git add <file>..." to update what will be committed)
  (use "git restore <file>..." to discard changes in working directory)
        modified:   src/com/akshet/Recursion.java

no changes added to commit (use "git add" and/or "git commit -a")

Lenovo@AKSHETISHEREDESKTOP MINGW64 /e/2023_project/Recursion (master)
$ git add .

Lenovo@AKSHETISHEREDESKTOP MINGW64 /e/2023_project/Recursion (master)
$ git log -4 --all --graph
* commit cc231681ef05e1a383d1e3d926f3f62543761352 (HEAD -> master, origin/master)
| Author: AKSHET PATIAL <akshet.patial@gmail.com>
| Date:   Sat Mar 25 00:42:47 2023 +0530
|
|     Added the commands Related to Git Initialization
|
* commit ff4483a95cbdf2eb39766e74982b14adaeb3d450
| Author: AKSHET PATIAL <akshet.patial@gmail.com>
| Date:   Sat Mar 25 00:41:27 2023 +0530
|
|     Created the commands.txt file
|
* commit 014f3cc6ed7d6dc8325a12b272916717373e6dfd
| Author: AKSHET PATIAL <akshet.patial@gmail.com>
| Date:   Sat Mar 25 00:40:50 2023 +0530
|
|     Added the Recursion_Internal.pdf file
|
* commit 09e19cb93e2fe5f0fa81a75f890a5257241aa529
| Author: AKSHET PATIAL <akshet.patial@gmail.com>
| Date:   Sat Mar 25 00:40:28 2023 +0530
|
|     Added the Recursion_Notes.pdf file

Lenovo@AKSHETISHEREDESKTOP MINGW64 /e/2023_project/Recursion (master)
$ git fetch origin master
remote: Enumerating objects: 4, done.
remote: Counting objects: 100% (4/4), done.
remote: Compressing objects: 100% (2/2), done.
remote: Total 3 (delta 1), reused 0 (delta 0), pack-reused 0
Unpacking objects: 100% (3/3), 662 bytes | 3.00 KiB/s, done.
From https://github.com/akshetpatial/Recursion
 * branch            master     -> FETCH_HEAD
   cc23168..bd9b933  master     -> origin/master

Lenovo@AKSHETISHEREDESKTOP MINGW64 /e/2023_project/Recursion (master)
$ git pull origin/master
fatal: 'origin/master' does not appear to be a git repository
fatal: Could not read from remote repository.

Please make sure you have the correct access rights
and the repository exists.

Lenovo@AKSHETISHEREDESKTOP MINGW64 /e/2023_project/Recursion (master)
$ git merge origin/master
Updating cc23168..bd9b933
Fast-forward
 README.md | 1 +
 1 file changed, 1 insertion(+)
 create mode 100644 README.md

Lenovo@AKSHETISHEREDESKTOP MINGW64 /e/2023_project/Recursion (master)
$ git status
On branch master
Changes not staged for commit:
  (use "git add <file>..." to update what will be committed)
  (use "git restore <file>..." to discard changes in working directory)
        modified:   RECURSION_Notes.pdf
        modified:   src/com/akshet/Recursion.java

Untracked files:
  (use "git add <file>..." to include in what will be committed)
        Recursion_Notes_1.pdf
        out/
        src/com/akshet/BinarySearch.java
        src/com/akshet/FibonacciNumbers.java

no changes added to commit (use "git add" and/or "git commit -a")

Lenovo@AKSHETISHEREDESKTOP MINGW64 /e/2023_project/Recursion (master)
$ git add Recursion_Notes_1.pdf

Lenovo@AKSHETISHEREDESKTOP MINGW64 /e/2023_project/Recursion (master)
$ git commit -m "Added the Recursion_Notes_1.pdf file"
[master dcbb5e0] Added the Recursion_Notes_1.pdf file
 1 file changed, 0 insertions(+), 0 deletions(-)
 create mode 100644 Recursion_Notes_1.pdf

Lenovo@AKSHETISHEREDESKTOP MINGW64 /e/2023_project/Recursion (master)
$ git add RECURSION_Notes.pdf

Lenovo@AKSHETISHEREDESKTOP MINGW64 /e/2023_project/Recursion (master)
$ git commit -m "No changes"
[master 691ebe9] No changes
 1 file changed, 0 insertions(+), 0 deletions(-)

Lenovo@AKSHETISHEREDESKTOP MINGW64 /e/2023_project/Recursion (master)
$ git status
On branch master
Changes not staged for commit:
  (use "git add <file>..." to update what will be committed)
  (use "git restore <file>..." to discard changes in working directory)
        modified:   src/com/akshet/Recursion.java

Untracked files:
  (use "git add <file>..." to include in what will be committed)
        out/
        src/com/akshet/BinarySearch.java
        src/com/akshet/FibonacciNumbers.java

no changes added to commit (use "git add" and/or "git commit -a")

Lenovo@AKSHETISHEREDESKTOP MINGW64 /e/2023_project/Recursion (master)
$ git add src/com/akshet/Recursion.java

Lenovo@AKSHETISHEREDESKTOP MINGW64 /e/2023_project/Recursion (master)
$ git commit -m "Added the simple use case of calling functions as a tail recursion"
[master c11180b] Added the simple use case of calling functions as a tail recursion
 1 file changed, 44 insertions(+)

Lenovo@AKSHETISHEREDESKTOP MINGW64 /e/2023_project/Recursion (master)
$ git status
On branch master
Untracked files:
  (use "git add <file>..." to include in what will be committed)
        out/
        src/com/akshet/BinarySearch.java
        src/com/akshet/FibonacciNumbers.java

nothing added to commit but untracked files present (use "git add" to track)

Lenovo@AKSHETISHEREDESKTOP MINGW64 /e/2023_project/Recursion (master)
$ git add src/com/akshet/BinarySearch.java

Lenovo@AKSHETISHEREDESKTOP MINGW64 /e/2023_project/Recursion (master)
$ git add out/production/Recursion/com/akshet/BinarySearch.class

Lenovo@AKSHETISHEREDESKTOP MINGW64 /e/2023_project/Recursion (master)
$ git commit -m "Created the BinarySearch.java file"
[master 2446a32] Created the BinarySearch.java file
 2 files changed, 9 insertions(+)
 create mode 100644 out/production/Recursion/com/akshet/BinarySearch.class
 create mode 100644 src/com/akshet/BinarySearch.java

Lenovo@AKSHETISHEREDESKTOP MINGW64 /e/2023_project/Recursion (master)
$ git status
On branch master
Untracked files:
  (use "git add <file>..." to include in what will be committed)
        out/production/Recursion/com/akshet/FibonacciNumbers.class
        out/production/Recursion/com/akshet/Recursion.class
        src/com/akshet/FibonacciNumbers.java

nothing added to commit but untracked files present (use "git add" to track)

Lenovo@AKSHETISHEREDESKTOP MINGW64 /e/2023_project/Recursion (master)
$ git add out/production/Recursion/com/akshet/Recursion.class

Lenovo@AKSHETISHEREDESKTOP MINGW64 /e/2023_project/Recursion (master)
$ git commit -m "Added the simple use case of calling functions as a tail recursion"
[master 730e8e5] Added the simple use case of calling functions as a tail recursion
 1 file changed, 0 insertions(+), 0 deletions(-)
 create mode 100644 out/production/Recursion/com/akshet/Recursion.class

Lenovo@AKSHETISHEREDESKTOP MINGW64 /e/2023_project/Recursion (master)
$ git status
On branch master
Untracked files:
  (use "git add <file>..." to include in what will be committed)
        out/production/Recursion/com/akshet/FibonacciNumbers.class
        src/com/akshet/FibonacciNumbers.java

nothing added to commit but untracked files present (use "git add" to track)

Lenovo@AKSHETISHEREDESKTOP MINGW64 /e/2023_project/Recursion (master)
$ git add out/production/Recursion/com/akshet/FibonacciNumbers.class src/com/akshet/FibonacciNumbers.java
out/ src/

Lenovo@AKSHETISHEREDESKTOP MINGW64 /e/2023_project/Recursion (master)
$ git add out/production/Recursion/com/akshet/FibonacciNumbers.class src/com/akshet/FibonacciNumbers.java

Lenovo@AKSHETISHEREDESKTOP MINGW64 /e/2023_project/Recursion (master)
$ git status
On branch master
Changes to be committed:
  (use "git restore --staged <file>..." to unstage)
        new file:   out/production/Recursion/com/akshet/FibonacciNumbers.class
        new file:   src/com/akshet/FibonacciNumbers.java


Lenovo@AKSHETISHEREDESKTOP MINGW64 /e/2023_project/Recursion (master)
$ git commit -m "Created the FibonacciNumbers.java"
[master 5a34f90] Created the FibonacciNumbers.java
 2 files changed, 70 insertions(+)
 create mode 100644 out/production/Recursion/com/akshet/FibonacciNumbers.class
 create mode 100644 src/com/akshet/FibonacciNumbers.java

Lenovo@AKSHETISHEREDESKTOP MINGW64 /e/2023_project/Recursion (master)
$ git status
On branch master
nothing to commit, working tree clean

Lenovo@AKSHETISHEREDESKTOP MINGW64 /e/2023_project/Recursion (master)
$ git log -4 --all --graph
* commit 5a34f90803e15182a023ff9d36beb489143d6bef (HEAD -> master)
| Author: AKSHET PATIAL <akshet.patial@gmail.com>
| Date:   Sun Mar 26 02:08:07 2023 +0530
|
|     Created the FibonacciNumbers.java
|
* commit 730e8e5613de4c21885e25fba25d3e0158642e11
| Author: AKSHET PATIAL <akshet.patial@gmail.com>
| Date:   Sun Mar 26 02:07:16 2023 +0530
|
|     Added the simple use case of calling functions as a tail recursion
|
* commit 2446a327b2190e8e651b5f96486e5eb6609f671f
| Author: AKSHET PATIAL <akshet.patial@gmail.com>
| Date:   Sun Mar 26 02:05:51 2023 +0530
|
|     Created the BinarySearch.java file
|
* commit c11180b5cb53791b727c93cf41c2d7ab18598519
| Author: AKSHET PATIAL <akshet.patial@gmail.com>
| Date:   Sun Mar 26 02:04:18 2023 +0530
|
|     Added the simple use case of calling functions as a tail recursion

Lenovo@AKSHETISHEREDESKTOP MINGW64 /e/2023_project/Recursion (master)
$ git push origin master
Enumerating objects: 50, done.
Counting objects: 100% (50/50), done.
Delta compression using up to 2 threads
Compressing objects: 100% (24/24), done.
Writing objects: 100% (44/44), 1.83 MiB | 2.08 MiB/s, done.
Total 44 (delta 9), reused 0 (delta 0), pack-reused 0
remote: Resolving deltas: 100% (9/9), completed with 2 local objects.
To https://github.com/akshetpatial/Recursion.git
   0daaa64..5a34f90  master -> master

Lenovo@AKSHETISHEREDESKTOP MINGW64 /e/2023_project/Recursion (master)
$ git status
On branch master
Changes not staged for commit:
  (use "git add <file>..." to update what will be committed)
  (use "git restore <file>..." to discard changes in working directory)
        modified:   out/production/Recursion/com/akshet/FibonacciNumbers.class

Untracked files:
  (use "git add <file>..." to include in what will be committed)
        out/production/Recursion/com/akshet/ReverseNumber.class
        out/production/Recursion/com/akshet/SumofDigits.class
        out/production/Recursion/com/akshet/factorial.class
        src/com/akshet/ReverseNumber.java
        src/com/akshet/SumofDigits.java
        src/com/akshet/factorial.java

no changes added to commit (use "git add" and/or "git commit -a")

Lenovo@AKSHETISHEREDESKTOP MINGW64 /e/2023_project/Recursion (master)
$ git add
Nothing specified, nothing added.
hint: Maybe you wanted to say 'git add .'?
hint: Turn this message off by running
hint: "git config advice.addEmptyPathspec false"

Lenovo@AKSHETISHEREDESKTOP MINGW64 /e/2023_project/Recursion (master)
$ git add out/production/Recursion/com/akshet/
FibonacciNumbers.class  SumofDigits.class
ReverseNumber.class     factorial.class

Lenovo@AKSHETISHEREDESKTOP MINGW64 /e/2023_project/Recursion (master)
$ git add out/production/Recursion/com/akshet/
FibonacciNumbers.class  SumofDigits.class
ReverseNumber.class     factorial.class

Lenovo@AKSHETISHEREDESKTOP MINGW64 /e/2023_project/Recursion (master)
$ git add out/production/Recursion/com/akshet/FibonacciNumbers.class

Lenovo@AKSHETISHEREDESKTOP MINGW64 /e/2023_project/Recursion (master)
$ git status
On branch master
Changes to be committed:
  (use "git restore --staged <file>..." to unstage)
        modified:   out/production/Recursion/com/akshet/FibonacciNumbers.class

Untracked files:
  (use "git add <file>..." to include in what will be committed)
        out/production/Recursion/com/akshet/ReverseNumber.class
        out/production/Recursion/com/akshet/SumofDigits.class
        out/production/Recursion/com/akshet/factorial.class
        src/com/akshet/ReverseNumber.java
        src/com/akshet/SumofDigits.java
        src/com/akshet/factorial.java


Lenovo@AKSHETISHEREDESKTOP MINGW64 /e/2023_project/Recursion (master)
$ git commit -m "minor change"
[master f8ccb2e] minor change
 1 file changed, 0 insertions(+), 0 deletions(-)

Lenovo@AKSHETISHEREDESKTOP MINGW64 /e/2023_project/Recursion (master)
$ git add out/production/Recursion/com/akshet/ReverseNumber.class src/com/akshet/
ReverseNumber.java  SumofDigits.java    factorial.java

Lenovo@AKSHETISHEREDESKTOP MINGW64 /e/2023_project/Recursion (master)
$ git add out/production/Recursion/com/akshet/ReverseNumber.class src/com/akshet/ReverseNumber.java

Lenovo@AKSHETISHEREDESKTOP MINGW64 /e/2023_project/Recursion (master)
$ git commit -m "Using Two approach Basic and Recursive one in ReverseNumber.java file"
[master 49e5d81] Using Two approach Basic and Recursive one in ReverseNumber.java file
 2 files changed, 42 insertions(+)
 create mode 100644 out/production/Recursion/com/akshet/ReverseNumber.class
 create mode 100644 src/com/akshet/ReverseNumber.java

Lenovo@AKSHETISHEREDESKTOP MINGW64 /e/2023_project/Recursion (master)
$ git status
On branch master
Untracked files:
  (use "git add <file>..." to include in what will be committed)
        out/production/Recursion/com/akshet/SumofDigits.class
        out/production/Recursion/com/akshet/factorial.class
        src/com/akshet/SumofDigits.java
        src/com/akshet/factorial.java

nothing added to commit but untracked files present (use "git add" to track)

Lenovo@AKSHETISHEREDESKTOP MINGW64 /e/2023_project/Recursion (master)
$ git add out/production/Recursion/com/akshet/SumofDigits.class src/com/akshet/SumofDigits.java

Lenovo@AKSHETISHEREDESKTOP MINGW64 /e/2023_project/Recursion (master)
$ git commit -m "Using two approach Basic and Recursive one in SumofDigits.java"
[master c7e533e] Using two approach Basic and Recursive one in SumofDigits.java
 2 files changed, 41 insertions(+)
 create mode 100644 out/production/Recursion/com/akshet/SumofDigits.class
 create mode 100644 src/com/akshet/SumofDigits.java

Lenovo@AKSHETISHEREDESKTOP MINGW64 /e/2023_project/Recursion (master)
$ git status
On branch master
Untracked files:
  (use "git add <file>..." to include in what will be committed)
        out/production/Recursion/com/akshet/factorial.class
        src/com/akshet/factorial.java

* commit cf5c1617b11eb2a33d306961ee540aebd720fdfa (HEAD -> master)
| Author: AKSHET PATIAL <akshet.patial@gmail.com>
| Date:   Sun Apr 2 17:04:44 2023 +0530
|
|     Using two approach Basic and Recursive one in Factorial.java file
|
* commit c7e533e65649440c55d2f8bef845e7e5c34426d1
| Author: AKSHET PATIAL <akshet.patial@gmail.com>
| Date:   Sun Apr 2 17:03:43 2023 +0530
|
|     Using two approach Basic and Recursive one in SumofDigits.java
|
* commit 49e5d81fc75f3041d76f24907cf98304f62ba4c2
| Author: AKSHET PATIAL <akshet.patial@gmail.com>
| Date:   Sun Apr 2 17:02:37 2023 +0530
|
|     Using Two approach Basic and Recursive one in ReverseNumber.java file
|
* commit f8ccb2e4b875b329a0219ecd1b207aa3630dfa4c
| Author: AKSHET PATIAL <akshet.patial@gmail.com>
| Date:   Sun Apr 2 17:00:54 2023 +0530
|
|     minor change
|
* commit 1a9207d5efffcfdf1ba37aa3b1d46bff28e78f4f (origin/master)
| Author: AKSHET PATIAL <akshet.patial@gmail.com>
| Date:   Mon Mar 27 00:59:54 2023 +0530
|
|     Added some comments related to the drawback and counter of the Recurison Approach
~
~
~
~
~
~
~ ls ^C

Lenovo@AKSHETISHEREDESKTOP MINGW64 /e/2023_project/Recursion (master)eNumber.java
$ ^C

Lenovo@AKSHETISHEREDESKTOP MINGW64 /e/2023_project/Recursion (master)/com/akshet/
$ ^C
a file"ommit -m "Using Two approach Basic and Recursive one in ReverseNumber.java
Lenovo@AKSHETISHEREDESKTOP MINGW64 /e/2023_project/Recursion (master)
$ ^C  commit -m "Using two approach Basic and Recursive one in SumofDigits.java"      status

Lenovo@AKSHETISHEREDESKTOP MINGW64 /e/2023_project/Recursion (master)ial.java fil
$ ^C
~
Lenovo@AKSHETISHEREDESKTOP MINGW64 /e/2023_project/Recursion (master)
$ ^C
~
Lenovo@AKSHETISHEREDESKTOP MINGW64 /e/2023_project/Recursion (master)
$ ^C

Lenovo@AKSHETISHEREDESKTOP MINGW64 /e/2023_project/Recursion (master)
$ ^C

Lenovo@AKSHETISHEREDESKTOP MINGW64 /e/2023_project/Recursion (master)
$ ^C

Lenovostatus
On branch master
nothing to commit, working tree clean

Lenovo@AKSHETISHEREDESKTOP MINGW64 /e/2023_project/Recursion (master)
$ git log -5 --all --graph
* commit cf5c1617b11eb2a33d306961ee540aebd720fdfa (HEAD -> master)
| Author: AKSHET PATIAL <akshet.patial@gmail.com>
| Date:   Sun Apr 2 17:04:44 2023 +0530
|
|     Using two approach Basic and Recursive one in Factorial.java file
|
* commit c7e533e65649440c55d2f8bef845e7e5c34426d1
| Author: AKSHET PATIAL <akshet.patial@gmail.com>
| Date:   Sun Apr 2 17:03:43 2023 +0530
|
|     Using two approach Basic and Recursive one in SumofDigits.java
|
* commit 49e5d81fc75f3041d76f24907cf98304f62ba4c2
| Author: AKSHET PATIAL <akshet.patial@gmail.com>
| Date:   Sun Apr 2 17:02:37 2023 +0530
|
|     Using Two approach Basic and Recursive one in ReverseNumber.java file
|
* commit f8ccb2e4b875b329a0219ecd1b207aa3630dfa4c
| ^C

torial.java t/production/Recursion/com/akshet/factorial.class src/com/akshet/fact

umofDigits.java oduction/Recursion/com/akshet/SumofDigits.class src/com/akshet/Su     status

Lenovo@AKSHETISHEREDESKTOP MINGW64 /e/2023_project/Recursion (master)/com/akshet/
$ ^C
a file"ommit -m "Using Two approach Basic and Recursive one in ReverseNumber.java
Lenovo@AKSHETISHEREDESKTOP MINGW64 /e/2023_project/Recursion (master)
$ ^C  commit -m "Using two approach Basic and Recursive one in SumofDigits.java"      status

Lenovo@AKSHETISHEREDESKTOP MINGW64 /e/2023_project/Recursion (master)ial.java fil
$ ^C

Lenovo@AKSHETISHEREDESKTOP MINGW64 /e/2023_project/Recursion (master)
$ git log -5 --all --graph
* commit cf5c1617b11eb2a33d306961ee540aebd720fdfa (HEAD -> master)
| Author: AKSHET PATIAL <akshet.patial@gmail.com>
| Date:   Sun Apr 2 17:04:44 2023 +0530
|
|     Using two approach Basic and Recursive one in Factorial.java file
|
* commit c7e533e65649440c55d2f8bef845e7e5c34426d1
| Author: AKSHET PATIAL <akshet.patial@gmail.com>
| Date:   Sun Apr 2 17:03:43 2023 +0530
|
|     Using two approach Basic and Recursive one in SumofDigits.java
|
* commit 49e5d81fc75f3041d76f24907cf98304f62ba4c2
| Author: AKSHET PATIAL <akshet.patial@gmail.com>
| Date:   Sun Apr 2 17:02:37 2023 +0530
|
|     Using Two approach Basic and Recursive one in ReverseNumber.java file
|
* commit f8ccb2e4b875b329a0219ecd1b207aa3630dfa4c
| Author: AKSHET PATIAL <akshet.patial@gmail.com>
| Date:   Sun Apr 2 17:00:54 2023 +0530
|
|     minor change
|
* commit 1a9207d5efffcfdf1ba37aa3b1d46bff28e78f4f (origin/master)
| Author: AKSHET PATIAL <akshet.patial@gmail.com>
| Date:   Mon Mar 27 00:59:54 2023 +0530
|
|     Added some comments related to the drawback and counter of the Recurison Approach

Lenovo@AKSHETISHEREDESKTOP MINGW64 /e/2023_project/Recursion (master)
$ git push origin master
Enumerating objects: 54, done.
Counting objects: 100% (54/54), done.
Delta compression using up to 2 threads
Compressing objects: 100% (22/22), done.
Writing objects: 100% (44/44), 6.68 KiB | 190.00 KiB/s, done.
Total 44 (delta 10), reused 0 (delta 0), pack-reused 0
remote: Resolving deltas: 100% (10/10), completed with 2 local objects.
To https://github.com/akshetpatial/Recursion.git
   1a9207d..cf5c161  master -> master


Lenovo@AKSHETISHEREDESKTOP MINGW64 /e/2023_project/Recursion (master)
$ git status
On branch master
Changes to be committed:
  (use "git restore --staged <file>..." to unstage)
        modified:   out/production/Recursion/com/akshet/SumofDigits.class
        modified:   src/com/akshet/SumofDigits.java

Untracked files:
  (use "git add <file>..." to include in what will be committed)
        out/production/Recursion/com/akshet/Palindrome.class
        src/com/akshet/Palindrome.java


Lenovo@AKSHETISHEREDESKTOP MINGW64 /e/2023_project/Recursion (master)
$ git commit -m "Added the comment to find the number of digits by log base 10 + 1"
[master 48168cd] Added the comment to find the number of digits by log base 10 + 1
 2 files changed, 2 insertions(+)

Lenovo@AKSHETISHEREDESKTOP MINGW64 /e/2023_project/Recursion (master)
$ git add .

Lenovo@AKSHETISHEREDESKTOP MINGW64 /e/2023_project/Recursion (master)
$ git commmit -m "Created the Palindrome.java file and used two ways one Basic and other Recursive"
git: 'commmit' is not a git command. See 'git --help'.

The most similar command is
        commit

Lenovo@AKSHETISHEREDESKTOP MINGW64 /e/2023_project/Recursion (master)
$ git cmmmit -m "Created the Palindrome.java file and used two ways one Basic and other Recursive"
git: 'cmmmit' is not a git command. See 'git --help'.

The most similar command is
        commit

Lenovo@AKSHETISHEREDESKTOP MINGW64 /e/2023_project/Recursion (master)
$ git commit -m "Created the Palindrome.java file and used two ways one Basic and other Recursive"
[master c044717] Created the Palindrome.java file and used two ways one Basic and other Recursive
 2 files changed, 51 insertions(+)
 create mode 100644 out/production/Recursion/com/akshet/Palindrome.class
 create mode 100644 src/com/akshet/Palindrome.java

Lenovo@AKSHETISHEREDESKTOP MINGW64 /e/2023_project/Recursion (master)
$ git status
On branch master
nothing to commit, working tree clean

Lenovo@AKSHETISHEREDESKTOP MINGW64 /e/2023_project/Recursion (master)
$ git push origin master
Enumerating objects: 35, done.
Counting objects: 100% (35/35), done.
Delta compression using up to 2 threads
Compressing objects: 100% (12/12), done.
Writing objects: 100% (24/24), 3.31 KiB | 307.00 KiB/s, done.
Total 24 (delta 8), reused 0 (delta 0), pack-reused 0
remote: Resolving deltas: 100% (8/8), completed with 5 local objects.
To https://github.com/akshetpatial/Recursion.git
   9c1c2a1..c044717  master -> master

Lenovo@AKSHETISHEREDESKTOP MINGW64 /e/2023_project/Recursion (master)
$ git status
On branch master
nothing to commit, working tree clean
Lenovo@AKSHETISHEREDESKTOP MINGW64 /e/2023_project/Recursion (master)
$ git log -4 --all --graph
* commit c0447174255b3964590a3f3d748e2659255c9d66 (HEAD -> master, origin/master)
| Author: AKSHET PATIAL <akshet.patial@gmail.com>
| Date:   Sun Apr 2 18:18:02 2023 +0530
|
|     Created the Palindrome.java file and used two ways one Basic and other Recursive
|
* commit 48168cda33007c3b6248445c410e16382b684b73
| Author: AKSHET PATIAL <akshet.patial@gmail.com>
| Date:   Sun Apr 2 18:16:36 2023 +0530
|
|     Added the comment to find the number of digits by log base 10 + 1
|
* commit 9c1c2a17d584d853a8f1670e4c0e653258833fd4
| Author: AKSHET PATIAL <akshet.patial@gmail.com>
| Date:   Sun Apr 2 17:07:45 2023 +0530
|
|     Added commands related to ReverseNumber, SumofDigit, Factorial
|
* commit cf5c1617b11eb2a33d306961ee540aebd720fdfa
| Author: AKSHET PATIAL <akshet.patial@gmail.com>
| Date:   Sun Apr 2 17:04:44 2023 +0530
|
|     Using two approach Basic and Recursive one in Factorial.java file

c0447174255b3964590a3f3d748e2659255c9d66
| Author: AKSHET PATIAL <akshet.patial@gmail.com>
| Date:   Sun Apr 2 18:18:02 2023 +0530
|
|     Created the Palindrome.java file and used two ways one Basic and other Recursive
|
* commit 48168cda33007c3b6248445c410e16382b684b73
| Author: AKSHET PATIAL <akshet.patial@gmail.com>
| Date:   Sun Apr 2 18:16:36 2023 +0530
|
|     Added the comment to find the number of digits by log base 10 + 1

Lenovo@AKSHETISHEREDESKTOP MINGW64 /e/2023_project/Recursion (master)
$ git status
On branch master
nothing to commit, working tree clean

Lenovo@AKSHETISHEREDESKTOP MINGW64 /e/2023_project/Recursion (master)
$ git log -4 --all --graph
* commit 315657d7f7b828ae1ad63f97200ee0efd5b5fb59 (HEAD -> master, origin/master)
| Author: AKSHET PATIAL <akshet.patial@gmail.com>
| Date:   Sun Apr 2 18:28:40 2023 +0530
|
|     Added a way to use helper funcition if number of paramters to be passed is limited
|
* commit caf7b1a23cd66c3b89fcaa31862d9a31c45d7a59
| Author: AKSHET PATIAL <akshet.patial@gmail.com>
| Date:   Sun Apr 2 18:19:36 2023 +0530
|
|     Commands related to git Palindrome.java file
|
* commit c0447174255b3964590a3f3d748e2659255c9d66
| Author: AKSHET PATIAL <akshet.patial@gmail.com>
| Date:   Sun Apr 2 18:18:02 2023 +0530
|
|     Created the Palindrome.java file and used two ways one Basic and other Recursive
|
* commit 48168cda33007c3b6248445c410e16382b684b73
| Author: AKSHET PATIAL <akshet.patial@gmail.com>
| Date:   Sun Apr 2 18:16:36 2023 +0530
|
|     Added the comment to find the number of digits by log base 10 + 1

Lenovo@AKSHETISHEREDESKTOP MINGW64 /e/2023_project/Recursion (master)
$ git status
On branch master
Untracked files:
  (use "git add <file>..." to include in what will be committed)
        out/production/Recursion/com/akshet/LinearSearch.class
        out/production/Recursion/com/akshet/SortedArray.class
        src/com/akshet/LinearSearch.java
        src/com/akshet/SortedArray.java

nothing added to commit but untracked files present (use "git add" to track)

Lenovo@AKSHETISHEREDESKTOP MINGW64 /e/2023_project/Recursion (master)
$ git add out/production/Recursion/com/akshet/LinearSearch.class src/com/akshet/LinearSearch.java

Lenovo@AKSHETISHEREDESKTOP MINGW64 /e/2023_project/Recursion (master)
$ git commit -m "Created LinearSearch.java file"
[master 38af51e] Created LinearSearch.java file
 2 files changed, 80 insertions(+)
 create mode 100644 out/production/Recursion/com/akshet/LinearSearch.class
 create mode 100644 src/com/akshet/LinearSearch.java

Lenovo@AKSHETISHEREDESKTOP MINGW64 /e/2023_project/Recursion (master)
$ git status
On branch master
Untracked files:
  (use "git add <file>..." to include in what will be committed)
        out/production/Recursion/com/akshet/SortedArray.class
        src/com/akshet/SortedArray.java

nothing added to commit but untracked files present (use "git add" to track)

Lenovo@AKSHETISHEREDESKTOP MINGW64 /e/2023_project/Recursion (master)
$ git add out/production/Recursion/com/akshet/SortedArray.class src/com/akshet/SortedArray.java

Lenovo@AKSHETISHEREDESKTOP MINGW64 /e/2023_project/Recursion (master)
$ git commit -m "Created SortedArray.java file"
[master 648f76a] Created SortedArray.java file
 2 files changed, 38 insertions(+)
 create mode 100644 out/production/Recursion/com/akshet/SortedArray.class
 create mode 100644 src/com/akshet/SortedArray.java

Lenovo@AKSHETISHEREDESKTOP MINGW64 /e/2023_project/Recursion (master)
$ git status
On branch master
nothing to commit, working tree clean

Lenovo@AKSHETISHEREDESKTOP MINGW64 /e/2023_project/Recursion (master)
$ git log -4 --all --graph
* commit 648f76a39acf9237640518bee046a11e305a6417 (HEAD -> master)
| Author: AKSHET PATIAL <akshet.patial@gmail.com>
| Date:   Mon Apr 3 02:17:00 2023 +0530
|
|     Created SortedArray.java file
|
* commit 38af51ef1c1e3e94762ea30f7c2e98f939696481
| Author: AKSHET PATIAL <akshet.patial@gmail.com>
| Date:   Mon Apr 3 02:16:30 2023 +0530
|
|     Created LinearSearch.java file
|
* commit 315657d7f7b828ae1ad63f97200ee0efd5b5fb59 (origin/master)
| Author: AKSHET PATIAL <akshet.patial@gmail.com>
| Date:   Sun Apr 2 18:28:40 2023 +0530
|
|     Added a way to use helper funcition if number of paramters to be passed is limited
|
* commit caf7b1a23cd66c3b89fcaa31862d9a31c45d7a59
| Author: AKSHET PATIAL <akshet.patial@gmail.com>
| Date:   Sun Apr 2 18:19:36 2023 +0530
|
|     Commands related to git Palindrome.java file

Lenovo@AKSHETISHEREDESKTOP MINGW64 /e/2023_project/Recursion (master)
$ git push origin master
Enumerating objects: 33, done.
Counting objects: 100% (33/33), done.
Delta compression using up to 2 threads
Compressing objects: 100% (12/12), done.
Writing objects: 100% (24/24), 5.14 KiB | 404.00 KiB/s, done.
Total 24 (delta 6), reused 0 (delta 0), pack-reused 0
remote: Resolving deltas: 100% (6/6), completed with 3 local objects.
To https://github.com/akshetpatial/Recursion.git
   315657d..648f76a  master -> master

Lenovo@AKSHETISHEREDESKTOP MINGW64 /e/2023_project/Recursion (master)
$ git status
On branch master
Changes not staged for commit:
  (use "git add <file>..." to update what will be committed)
  (use "git restore <file>..." to discard changes in working directory)
        modified:   out/production/Recursion/com/akshet/BubbleSort.class
        modified:   src/com/akshet/BubbleSort.java

no changes added to commit (use "git add" and/or "git commit -a")

Lenovo@AKSHETISHEREDESKTOP MINGW64 /e/2023_project/Recursion (master)
$ git add .

Lenovo@AKSHETISHEREDESKTOP MINGW64 /e/2023_project/Recursion (master)
$ git commit -m "Minor Changes"
[master c5e98ff] Minor Changes
 2 files changed, 1 insertion(+), 2 deletions(-)
 rewrite out/production/Recursion/com/akshet/BubbleSort.class (75%)

Lenovo@AKSHETISHEREDESKTOP MINGW64 /e/2023_project/Recursion (master)
$ git push origin master
Enumerating objects: 23, done.
Counting objects: 100% (23/23), done.
Delta compression using up to 2 threads
Compressing objects: 100% (6/6), done.
Writing objects: 100% (12/12), 1.44 KiB | 295.00 KiB/s, done.
Total 12 (delta 5), reused 0 (delta 0), pack-reused 0
remote: Resolving deltas: 100% (5/5), completed with 5 local objects.
To https://github.com/akshetpatial/Recursion.git
   bd389cb..c5e98ff  master -> master

Lenovo@AKSHETISHEREDESKTOP MINGW64 /e/2023_project/Recursion (master)
$ git status
On branch master
nothing to commit, working tree clean

Lenovo@AKSHETISHEREDESKTOP MINGW64 /e/2023_project/Recursion (master)
$ git log -5 --all --graph
* commit c5e98ff224489816e629d2c57a2b50cf3c32e20f (HEAD -> master, origin/master)
| Author: AKSHET PATIAL <akshet.patial@gmail.com>
| Date:   Wed Apr 5 00:30:30 2023 +0530
|
|     Minor Changes
|
* commit bd389cbeeecd98bbdde3700288598c2907b12987
| Author: AKSHET PATIAL <akshet.patial@gmail.com>
| Date:   Tue Apr 4 12:21:08 2023 +0530
|
|     Created the Pattern.java file
|
* commit c4981c761cf4f88217db3fc09240cabe740d5eab
| Author: AKSHET PATIAL <akshet.patial@gmail.com>
| Date:   Tue Apr 4 12:20:38 2023 +0530
|
|     Created the BubbbleSort.java file
|
* commit 7cbd7284645671b533714884bb93f1449eca0259
| Author: AKSHET PATIAL <akshet.patial@gmail.com>
| Date:   Tue Apr 4 12:18:56 2023 +0530
|
|     did some minor changes
|
* commit 5ebffbd702d8b68f7e5272880941a0bba08e1064
| Author: AKSHET PATIAL <akshet.patial@gmail.com>
| Date:   Mon Apr 3 02:19:28 2023 +0530
|
|     Added the commands related to SortedArray and LinearSearch

Lenovo@AKSHETISHEREDESKTOP MINGW64 /e/2023_project/Recursion (master)
$ git status
On branch master
Untracked files:
  (use "git add <file>..." to include in what will be committed)
        out/production/Recursion/com/akshet/SelectionSort.class
        src/com/akshet/SelectionSort.java

nothing added to commit but untracked files present (use "git add" to track)

Lenovo@AKSHETISHEREDESKTOP MINGW64 /e/2023_project/Recursion (master)
$ git add .

Lenovo@AKSHETISHEREDESKTOP MINGW64 /e/2023_project/Recursion (master)
$ git commit -m "Created the Class SelectonSort.java"
[master 92e2fbb] Created the Class SelectonSort.java
 2 files changed, 53 insertions(+)
 create mode 100644 out/production/Recursion/com/akshet/SelectionSort.class
 create mode 100644 src/com/akshet/SelectionSort.java

Lenovo@AKSHETISHEREDESKTOP MINGW64 /e/2023_project/Recursion (master)
$ git push origin master
Enumerating objects: 21, done.
Counting objects: 100% (21/21), done.
Delta compression using up to 2 threads
Compressing objects: 100% (6/6), done.
Writing objects: 100% (12/12), 2.43 KiB | 621.00 KiB/s, done.
Total 12 (delta 3), reused 0 (delta 0), pack-reused 0
remote: Resolving deltas: 100% (3/3), completed with 3 local objects.
To https://github.com/akshetpatial/Recursion.git
   c5e98ff..92e2fbb  master -> master

Lenovo@AKSHETISHEREDESKTOP MINGW64 /e/2023_project/Recursion (master)
$ git status
On branch master
nothing to commit, working tree clean

Lenovo@AKSHETISHEREDESKTOP MINGW64 /e/2023_project/Recursion (master)
$ git log -5 --all --graph
* commit 92e2fbbde5b2aefe7cc124d899997f52f1f6b28c (HEAD -> master, origin/master)
| Author: AKSHET PATIAL <akshet.patial@gmail.com>
| Date:   Wed Apr 5 01:50:38 2023 +0530
|
|     Created the Class SelectonSort.java
|
* commit c5e98ff224489816e629d2c57a2b50cf3c32e20f
| Author: AKSHET PATIAL <akshet.patial@gmail.com>
| Date:   Wed Apr 5 00:30:30 2023 +0530
|
|     Minor Changes
|
* commit bd389cbeeecd98bbdde3700288598c2907b12987
| Author: AKSHET PATIAL <akshet.patial@gmail.com>
| Date:   Tue Apr 4 12:21:08 2023 +0530
|
|     Created the Pattern.java file
|
* commit c4981c761cf4f88217db3fc09240cabe740d5eab
| Author: AKSHET PATIAL <akshet.patial@gmail.com>
| Date:   Tue Apr 4 12:20:38 2023 +0530
|
|     Created the BubbbleSort.java file
|
* commit 7cbd7284645671b533714884bb93f1449eca0259
| Author: AKSHET PATIAL <akshet.patial@gmail.com>
| Date:   Tue Apr 4 12:18:56 2023 +0530
|
|     did some minor changes

Lenovo@AKSHETISHEREDESKTOP MINGW64 /e/2023_project/Recursion (master)
$ git status
On branch master
Changes not staged for commit:
  (use "git add <file>..." to update what will be committed)
  (use "git restore <file>..." to discard changes in working directory)
        modified:   out/production/Recursion/com/SubSequences/SubSequence.class

Untracked files:
  (use "git add <file>..." to include in what will be committed)
        out/production/Recursion/com/SubSequences/SubSet.class
        src/com/SubSequences/SubSet.java

no changes added to commit (use "git add" and/or "git commit -a")

Lenovo@AKSHETISHEREDESKTOP MINGW64 /e/2023_project/Recursion (master)
$ git add .

Lenovo@AKSHETISHEREDESKTOP MINGW64 /e/2023_project/Recursion (master)
$ git git status
git: 'git' is not a git command. See 'git --help'.

The most similar command is
        init

Lenovo@AKSHETISHEREDESKTOP MINGW64 /e/2023_project/Recursion (master)
$ git status
On branch master
Changes to be committed:
  (use "git restore --staged <file>..." to unstage)
        modified:   out/production/Recursion/com/SubSequences/SubSequence.class
        new file:   out/production/Recursion/com/SubSequences/SubSet.class
        new file:   src/com/SubSequences/SubSet.java


Lenovo@AKSHETISHEREDESKTOP MINGW64 /e/2023_project/Recursion (master)
$ git commit -m "created the SubSet.java class"
[master 87e76e3] created the SubSet.java class
 3 files changed, 50 insertions(+)
 create mode 100644 out/production/Recursion/com/SubSequences/SubSet.class
 create mode 100644 src/com/SubSequences/SubSet.java

Lenovo@AKSHETISHEREDESKTOP MINGW64 /e/2023_project/Recursion (master)
$ git status
On branch master
nothing to commit, working tree clean

Lenovo@AKSHETISHEREDESKTOP MINGW64 /e/2023_project/Recursion (master)
$ git log -5 --all --graph
* commit 87e76e329edebab04a05cafb7dcd0642dd4ec755 (HEAD -> master)
| Author: AKSHET PATIAL <akshet.patial@gmail.com>
| Date:   Sat Apr 8 23:57:02 2023 +0530
|
|     created the SubSet.java class
|
* commit 81d627178034d2c6ae41b8d463fc7407f99c3a41 (origin/master)
| Author: AKSHET PATIAL <akshet.patial@gmail.com>
| Date:   Sat Apr 8 19:53:17 2023 +0530
|
|     created the file SubSequence.java
|
* commit 44091a3a05a77d1f7f4a010d5c16691d5fd00203
| Author: AKSHET PATIAL <akshet.patial@gmail.com>
| Date:   Sat Apr 8 01:12:39 2023 +0530
|
|     Created the package com.SubSequences
|
* commit 341aee1acfd9da520b40c0618833ec8df97b2284
| Author: AKSHET PATIAL <akshet.patial@gmail.com>
| Date:   Wed Apr 5 01:52:26 2023 +0530
|
|     Added commands related to BubbleSort and SelectionSort
|
* commit 92e2fbbde5b2aefe7cc124d899997f52f1f6b28c
| Author: AKSHET PATIAL <akshet.patial@gmail.com>
| Date:   Wed Apr 5 01:50:38 2023 +0530
|
|     Created the Class SelectonSort.java

Lenovo@AKSHETISHEREDESKTOP MINGW64 /e/2023_project/Recursion (master)
$ git push origin master
Enumerating objects: 22, done.
Counting objects: 100% (22/22), done.
Delta compression using up to 2 threads
Compressing objects: 100% (9/9), done.
Writing objects: 100% (13/13), 2.79 KiB | 408.00 KiB/s, done.
Total 13 (delta 2), reused 0 (delta 0), pack-reused 0
remote: Resolving deltas: 100% (2/2), completed with 2 local objects.
To https://github.com/akshetpatial/Recursion.git
   81d6271..87e76e3  master -> master


